#
# There is insufficient memory for the Java Runtime Environment to continue.
# Native memory allocation (malloc) failed to allocate 1048576 bytes. Error detail: AllocateHeap
# Possible reasons:
#   The system is out of physical RAM or swap space
#   This process is running with CompressedOops enabled, and the Java Heap may be blocking the growth of the native heap
# Possible solutions:
#   Reduce memory load on the system
#   Increase physical memory or swap space
#   Check if swap backing store is full
#   Decrease Java heap size (-Xmx/-Xms)
#   Decrease number of Java threads
#   Decrease Java thread stack sizes (-Xss)
#   Set larger code cache with -XX:ReservedCodeCacheSize=
#   JVM is running with Unscaled Compressed Oops mode in which the Java heap is
#     placed in the first 4GB address space. The Java Heap base address is the
#     maximum limit for the native heap growth. Please use -XX:HeapBaseMinAddress
#     to set the Java Heap base and to place the Java Heap above 4GB virtual address.
# This output file may be truncated or incomplete.
#
#  Out of Memory Error (allocation.cpp:44), pid=11104, tid=10824
#
# JRE version:  (17.0.14+7) (build )
# Java VM: OpenJDK 64-Bit Server VM (17.0.14+7, mixed mode, sharing, tiered, compressed oops, compressed class ptrs, g1 gc, windows-amd64)
# No core dump will be written. Minidumps are not enabled by default on client versions of Windows
#

---------------  S U M M A R Y ------------

Command Line: 

Host: AMD Ryzen 3 5300U with Radeon Graphics         , 8 cores, 7G,  Windows 11 , 64 bit Build 26100 (10.0.26100.7920)
Time: Wed Mar 25 14:53:53 2026 Pakistan Standard Time elapsed time: 0.194608 seconds (0d 0h 0m 0s)

---------------  T H R E A D  ---------------

Current thread (0x00000291c33a9a20):  JavaThread "Unknown thread" [_thread_in_vm, id=10824, stack(0x000000d130600000,0x000000d130700000)]

Stack: [0x000000d130600000,0x000000d130700000]
Native frames: (J=compiled Java code, j=interpreted, Vv=VM code, C=native code)
V  [jvm.dll+0x682eb9]
V  [jvm.dll+0x8399c8]
V  [jvm.dll+0x83b473]
V  [jvm.dll+0x83bae3]
V  [jvm.dll+0x24715f]
V  [jvm.dll+0xa7543]
V  [jvm.dll+0x2d7b87]
V  [jvm.dll+0x80b89f]
V  [jvm.dll+0x36b671]
V  [jvm.dll+0x7ea2cf]
V  [jvm.dll+0x3f226f]
V  [jvm.dll+0x3f3da1]
C  [jli.dll+0x5278]
C  [ucrtbase.dll+0x37b0]
C  [KERNEL32.DLL+0x2e8d7]
C  [ntdll.dll+0x8c48c]


---------------  P R O C E S S  ---------------

Threads class SMR info:
_java_thread_list=0x00007ffc7a877f58, length=0, elements={
}

Java Threads: ( => current thread )

Other Threads:

=>0x00000291c33a9a20 (exited) JavaThread "Unknown thread" [_thread_in_vm, id=10824, stack(0x000000d130600000,0x000000d130700000)]

Threads with active compile tasks:

VM state: not at safepoint (not fully initialized)

VM Mutex/Monitor currently owned by a thread: None

Heap address: 0x0000000000000000, size: 0 MB, Compressed Oops mode: 32-bit

CDS archive(s) mapped at: [0x0000000000000000-0x0000000000000000-0x0000000000000000), size 0, SharedBaseAddress: 0x0000000800000000, ArchiveRelocationMode: 1.
Narrow klass base: 0x0000000000000000, Narrow klass shift: 0, Narrow klass range: 0x0

GC Precious Log:
<Empty>

GC Heap History (0 events):
No events

Dll operation events (1 events):
Event: 0.018 Loaded shared library C:\Program Files\Eclipse Adoptium\jdk-17.0.14.7-hotspot\bin\java.dll

Deoptimization events (0 events):
No events

Classes loaded (0 events):
No events

Classes unloaded (0 events):
No events

Classes redefined (0 events):
No events

Internal exceptions (0 events):
No events

VM Operations (0 events):
No events

Memory protections (0 events):
No events

Nmethod flushes (0 events):
No events

Events (0 events):
No events


Dynamic libraries:
0x00007ff605820000 - 0x00007ff60582e000 	C:\Program Files\Eclipse Adoptium\jdk-17.0.14.7-hotspot\bin\java.exe
0x00007ffcf07e0000 - 0x00007ffcf0a47000 	C:\WINDOWS\SYSTEM32\ntdll.dll
0x00007ffcf05b0000 - 0x00007ffcf0679000 	C:\WINDOWS\System32\KERNEL32.DLL
0x00007ffcee000000 - 0x00007ffcee3f1000 	C:\WINDOWS\System32\KERNELBASE.dll
0x00007ffcedb10000 - 0x00007ffcedc5b000 	C:\WINDOWS\System32\ucrtbase.dll
0x00007ffcccc10000 - 0x00007ffcccc27000 	C:\Program Files\Eclipse Adoptium\jdk-17.0.14.7-hotspot\bin\jli.dll
0x00007ffcccb80000 - 0x00007ffcccb9e000 	C:\Program Files\Eclipse Adoptium\jdk-17.0.14.7-hotspot\bin\VCRUNTIME140.dll
0x00007ffcee8c0000 - 0x00007ffceea85000 	C:\WINDOWS\System32\USER32.dll
0x00007ffcede60000 - 0x00007ffcede87000 	C:\WINDOWS\System32\win32u.dll
0x00007ffcd5050000 - 0x00007ffcd52e3000 	C:\WINDOWS\WinSxS\amd64_microsoft.windows.common-controls_6595b64144ccf1df_6.0.26100.8037_none_3e092faae333b53b\COMCTL32.dll
0x00007ffceef80000 - 0x00007ffceefab000 	C:\WINDOWS\System32\GDI32.dll
0x00007ffcf01e0000 - 0x00007ffcf0289000 	C:\WINDOWS\System32\msvcrt.dll
0x00007ffced9e0000 - 0x00007ffcedb0b000 	C:\WINDOWS\System32\gdi32full.dll
0x00007ffced930000 - 0x00007ffced9d3000 	C:\WINDOWS\System32\msvcp_win.dll
0x00007ffcf01a0000 - 0x00007ffcf01d1000 	C:\WINDOWS\System32\IMM32.DLL
0x00007ffcd23c0000 - 0x00007ffcd23cc000 	C:\Program Files\Eclipse Adoptium\jdk-17.0.14.7-hotspot\bin\vcruntime140_1.dll
0x00007ffcc1090000 - 0x00007ffcc111d000 	C:\Program Files\Eclipse Adoptium\jdk-17.0.14.7-hotspot\bin\msvcp140.dll
0x00007ffc79d40000 - 0x00007ffc7a9ab000 	C:\Program Files\Eclipse Adoptium\jdk-17.0.14.7-hotspot\bin\server\jvm.dll
0x00007ffceea90000 - 0x00007ffceeb4b000 	C:\WINDOWS\System32\ADVAPI32.dll
0x00007ffceeb50000 - 0x00007ffceebf7000 	C:\WINDOWS\System32\sechost.dll
0x00007ffcf0680000 - 0x00007ffcf0798000 	C:\WINDOWS\System32\RPCRT4.dll
0x00007ffceefb0000 - 0x00007ffcef024000 	C:\WINDOWS\System32\WS2_32.dll
0x00007ffce6ac0000 - 0x00007ffce6af5000 	C:\WINDOWS\SYSTEM32\WINMM.dll
0x00007ffce6b00000 - 0x00007ffce6b0b000 	C:\WINDOWS\SYSTEM32\VERSION.dll
0x00007ffcecd70000 - 0x00007ffcecdce000 	C:\WINDOWS\SYSTEM32\POWRPROF.dll
0x00007ffcecd50000 - 0x00007ffcecd64000 	C:\WINDOWS\SYSTEM32\UMPDC.dll
0x00007ffcebe50000 - 0x00007ffcebe6b000 	C:\WINDOWS\SYSTEM32\kernel.appcore.dll
0x00007ffcd1090000 - 0x00007ffcd109a000 	C:\Program Files\Eclipse Adoptium\jdk-17.0.14.7-hotspot\bin\jimage.dll
0x00007ffce03a0000 - 0x00007ffce05e2000 	C:\WINDOWS\SYSTEM32\DBGHELP.DLL
0x00007ffcef150000 - 0x00007ffcef4d2000 	C:\WINDOWS\System32\combase.dll
0x00007ffcef030000 - 0x00007ffcef107000 	C:\WINDOWS\System32\OLEAUT32.dll
0x00007ffcce7d0000 - 0x00007ffcce80b000 	C:\WINDOWS\SYSTEM32\dbgcore.DLL
0x00007ffcedf50000 - 0x00007ffcedff5000 	C:\WINDOWS\System32\bcryptPrimitives.dll
0x00007ffcc6dc0000 - 0x00007ffcc6de5000 	C:\Program Files\Eclipse Adoptium\jdk-17.0.14.7-hotspot\bin\java.dll

dbghelp: loaded successfully - version: 4.0.5 - missing functions: none
symbol engine: initialized successfully - sym options: 0x614 - pdb path: .;C:\Program Files\Eclipse Adoptium\jdk-17.0.14.7-hotspot\bin;C:\WINDOWS\SYSTEM32;C:\WINDOWS\WinSxS\amd64_microsoft.windows.common-controls_6595b64144ccf1df_6.0.26100.8037_none_3e092faae333b53b;C:\Program Files\Eclipse Adoptium\jdk-17.0.14.7-hotspot\bin\server

VM Arguments:
java_command: <unknown>
java_class_path (initial): <not set>
Launcher Type: SUN_STANDARD

[Global flags]
     intx CICompilerCount                          = 4                                         {product} {ergonomic}
     uint ConcGCThreads                            = 2                                         {product} {ergonomic}
     uint G1ConcRefinementThreads                  = 8                                         {product} {ergonomic}
   size_t G1HeapRegionSize                         = 1048576                                   {product} {ergonomic}
    uintx GCDrainStackTargetSize                   = 64                                        {product} {ergonomic}
   size_t InitialHeapSize                          = 123731968                                 {product} {ergonomic}
   size_t MarkStackSize                            = 4194304                                   {product} {ergonomic}
   size_t MaxHeapSize                              = 1967128576                                {product} {ergonomic}
   size_t MinHeapDeltaBytes                        = 1048576                                   {product} {ergonomic}
   size_t MinHeapSize                              = 8388608                                   {product} {ergonomic}
    uintx NonNMethodCodeHeapSize                   = 5839372                                {pd product} {ergonomic}
    uintx NonProfiledCodeHeapSize                  = 122909434                              {pd product} {ergonomic}
    uintx ProfiledCodeHeapSize                     = 122909434                              {pd product} {ergonomic}
    uintx ReservedCodeCacheSize                    = 251658240                              {pd product} {ergonomic}
     bool SegmentedCodeCache                       = true                                      {product} {ergonomic}
   size_t SoftMaxHeapSize                          = 1967128576                             {manageable} {ergonomic}
     bool UseCompressedClassPointers               = true                           {product lp64_product} {ergonomic}
     bool UseCompressedOops                        = true                           {product lp64_product} {ergonomic}
     bool UseG1GC                                  = true                                      {product} {ergonomic}
     bool UseLargePagesIndividualAllocation        = false                                  {pd product} {ergonomic}

Logging:
Log output configuration:
 #0: stdout all=warning uptime,level,tags
 #1: stderr all=off uptime,level,tags

Environment Variables:
PATH=D:\TaskFlow\node_modules\.bin;D:\TaskFlow\node_modules\.bin;D:\node_modules\.bin;C:\Program Files\nodejs\node_modules\npm\node_modules\@npmcli\run-script\lib\node-gyp-bin;C:\Program Files\Eclipse Adoptium\jdk-17.0.14.7-hotspot\bin;C:\Python313\Scripts\;C:\Python313\;C:\windows\system32;C:\windows;C:\windows\System32\Wbem;C:\windows\System32\WindowsPowerShell\v1.0\;C:\windows\System32\OpenSSH\;C:\Program Files\HP\HP One Agent;C:\Program Files\dotnet\;C:\WINDOWS\system32;C:\WINDOWS;C:\WINDOWS\System32\Wbem;C:\WINDOWS\System32\WindowsPowerShell\v1.0\;C:\WINDOWS\System32\OpenSSH\;C:\MinGW\bin;c:\Users\Arrain053\AppData\Local\Programs\cursor\resources\app\bin;C:\Program Files\Git\cmd;C:\Program Files\nodejs\;C:\ProgramData\chocolatey\bin;C:\Users\Arrain053\AppData\Local\Android\Sdk\tools;C:\Users\Arrain053\AppData\Local\Android\Sdk\tools;C:\Users\Arrain053\AppData\Local\Android\Sdk\tools;C:\Users\Arrain053\AppData\Local\Android\Sdk\platform-tools;C:\Users\Arrain053\AppData\Local\Programs\Python\Launcher\;C:\Users\Arrain053\AppData\Local\Microsoft\WindowsApps;C:\Users\Arrain053\.dotnet\tools;C:\Users\Arrain053\AppData\Roaming\npm;C:\Users\Arrain053\AppData\Local\Programs\Microsoft VS Code\bin
USERNAME=Arrain053
OS=Windows_NT
PROCESSOR_IDENTIFIER=AMD64 Family 23 Model 104 Stepping 1, AuthenticAMD
TMP=C:\Users\ARRAIN~1\AppData\Local\Temp
TEMP=C:\Users\ARRAIN~1\AppData\Local\Temp



Periodic native trim disabled


---------------  S Y S T E M  ---------------

OS:
 Windows 11 , 64 bit Build 26100 (10.0.26100.7920)
OS uptime: 5 days 5:33 hours
Hyper-V role detected

CPU: total 8 (initial active 8) (8 cores per cpu, 2 threads per core) family 23 model 104 stepping 1 microcode 0x8608104, cx8, cmov, fxsr, ht, mmx, 3dnowpref, sse, sse2, sse3, ssse3, sse4a, sse4.1, sse4.2, popcnt, lzcnt, tsc, tscinvbit, avx, avx2, aes, clmul, bmi1, bmi2, adx, sha, fma, vzeroupper, clflush, clflushopt, hv
Processor Information for processor 0
  Max Mhz: 2600, Current Mhz: 1789, Mhz Limit: 2600
Processor Information for processor 1
  Max Mhz: 2600, Current Mhz: 1789, Mhz Limit: 2600
Processor Information for processor 2
  Max Mhz: 2600, Current Mhz: 1896, Mhz Limit: 2600
Processor Information for processor 3
  Max Mhz: 2600, Current Mhz: 1789, Mhz Limit: 2600
Processor Information for processor 4
  Max Mhz: 2600, Current Mhz: 1896, Mhz Limit: 2600
Processor Information for processor 5
  Max Mhz: 2600, Current Mhz: 1789, Mhz Limit: 2600
Processor Information for processor 6
  Max Mhz: 2600, Current Mhz: 1789, Mhz Limit: 2600
Processor Information for processor 7
  Max Mhz: 2600, Current Mhz: 1789, Mhz Limit: 2600

Memory: 4k page, system-wide physical 7502M (847M free)
TotalPageFile size 30030M (AvailPageFile size 11M)
current process WorkingSet (physical memory assigned to process): 11M, peak: 11M
current process commit charge ("private bytes"): 16M, peak: 17M

vm_info: OpenJDK 64-Bit Server VM (17.0.14+7) for windows-amd64 JRE (17.0.14+7), built on Jan 21 2025 23:40:15 by "admin" with MS VC++ 17.7 (VS2022)

END.
